// Jest Snapshot v1, https://goo.gl/fbAQLP

exports[`<PersonDetail /> should render and match the snapshot 1`] = `
<LocationProvider
  history={
    Object {
      "_onTransitionComplete": [Function],
      "listen": [Function],
      "location": Object {
        "hash": "",
        "host": "localhost",
        "hostname": "localhost",
        "href": "http://localhost/",
        "key": "initial",
        "origin": "http://localhost",
        "pathname": "/",
        "port": "",
        "protocol": "http:",
        "search": "",
        "state": null,
      },
      "navigate": [Function],
      "transitioning": false,
    }
  }
>
  <PersonDetails />
</LocationProvider>
`;
