// Jest Snapshot v1, https://goo.gl/fbAQLP

exports[`<AllPeople /> should render and match the snapshot 1`] = `
<div
  className="container"
>
  <div
    className="center"
  >
    <h1>
      The Star Wars People
    </h1>
  </div>
  <Context.Consumer>
    [Function]
  </Context.Consumer>
</div>
`;
